  console.log
    [dotenv@17.3.1] injecting env (16) from .env -- tip: ÔÜÖ´©Å  write to custom object with { processEnv: myObject }

      at _log (node_modules/dotenv/lib/main.js:139:11)

  console.log
    [dotenv@17.3.1] injecting env (0) from .env -- tip: ÔÜí´©Å secrets for agents: https://dotenvx.com/as2

      at _log (node_modules/dotenv/lib/main.js:139:11)

node.exe : (node:41332) [DEP0169] DeprecationWarning: `url.parse()` behavior is not standardized and prone to errors 
that have security implications. Use the WHATWG URL API instead. CVEs are not issued for `url.parse()` vulnerabilities.
En línea: 1 Carácter: 1
+ & "C:\Program Files\nodejs/node.exe" "C:\Program Files\nodejs/node_mo ...
+ ~~~~~~~~~~~~~~~~~~~~~~~~~~~~~~~~~~~~~~~~~~~~~~~~~~~~~~~~~~~~~~~~~~~~~
    + CategoryInfo          : NotSpecified: ((node:41332) [D...ulnerabilities.:String) [], RemoteException
    + FullyQualifiedErrorId : NativeCommandError
 
(Use `node --trace-deprecation ...` to show where the warning was created)
(node:41332) [DEP0040] DeprecationWarning: The `punycode` module is deprecated. Please use a userland alternative 
instead.
[22:47:17] [32mINFO[39m: [36m­ƒÜÇ Iniciando infraestructura de BullMQ (Graceful Degradation Mode)...[39m
[22:47:17] [32mINFO[39m: [36malertWorker (Legacy) importado. Las tareas ahora son administradas por BullMQ cronQueue.[39m
[22:47:17] [32mINFO[39m: [36m­ƒÜÇ Socket.io inicializado con soporte multi-tenant[39m
[22:47:17] [32mINFO[39m: [36mConectado a Redis Exitosamente[39m
[22:47:17] [32mINFO[39m: [36mIncoming Request[39m
    [35mtraceId[39m: "1b62134a-e75e-4714-aae8-1748706cff6c"
    [35mmethod[39m: "POST"
    [35murl[39m: "/api/v1/auth/login"
    [35mbody[39m: "REDACTED"
[22:47:17] [32mINFO[39m: [36mCron Job [check-stock-vencimientos] registrado en BullMQ.[39m
    [35mcronTime[39m: "*/5 * * * *"
[22:47:17] [32mINFO[39m: [36mÔ£à BullMQ y Workers inicializados correctamente.[39m
[22:47:17] [32mINFO[39m: [36mConectado a SQL Server (Escritura)[39m
  console.log
    [DEBUG_LOGIN] Membresias found: []

      at Object.log [as login] (src/modules/auth/auth.service.js:74:11)

[22:47:18] [32mINFO[39m: [36mLogin exitoso (empresa ├║nica)[39m
    [35muserId[39m: 115
    [35mempresa_id[39m: 1
    [35mrol[39m: "superadmin"
[22:47:18] [32mINFO[39m: [36mrequest completed[39m
    [35mreq[39m: {
      "id": "1b62134a-e75e-4714-aae8-1748706cff6c",
      "method": "POST",
      "url": "/api/v1/auth/login",
      "query": {},
      "params": {},
      "headers": {
        "host": "127.0.0.1:63615",
        "accept-encoding": "gzip, deflate",
        "content-type": "application/json",
        "content-length": "67",
        "connection": "close"
      },
      "remoteAddress": "::ffff:127.0.0.1",
      "remotePort": 63616
    }
    [35mtraceId[39m: "1b62134a-e75e-4714-aae8-1748706cff6c"
    [35mres[39m: {
      "statusCode": 200,
      "headers": {
        "x-trace-id": "1b62134a-e75e-4714-aae8-1748706cff6c",
        "cross-origin-opener-policy": "same-origin",
        "cross-origin-resource-policy": "same-origin",
        "origin-agent-cluster": "?1",
        "referrer-policy": "no-referrer",
        "strict-transport-security": "max-age=31536000; includeSubDomains; preload",
        "x-dns-prefetch-control": "off",
        "x-download-options": "noopen",
        "x-frame-options": "SAMEORIGIN",
        "x-permitted-cross-domain-policies": "none",
        "x-xss-protection": "0",
        "vary": "Origin",
        "access-control-allow-credentials": "true",
        "content-type": "application/json; charset=utf-8",
        "content-length": "476",
        "etag": "W/\"1dc-6W6/QiMbbTbEv4SlSRJ7hPPIxc8\""
      }
    }
    [35mresponseTime[39m: 726
[22:47:18] [32mINFO[39m: [36mIncoming Request[39m
    [35mtraceId[39m: "c632eb9d-398f-44ca-a397-b4bbb45929c7"
    [35mmethod[39m: "POST"
    [35murl[39m: "/api/v1/auth/login"
    [35mbody[39m: "REDACTED"
  console.log
    [DEBUG_LOGIN] Membresias found: []

      at Object.log [as login] (src/modules/auth/auth.service.js:74:11)

[22:47:18] [32mINFO[39m: [36mLogin exitoso (empresa ├║nica)[39m
    [35muserId[39m: 115
    [35mempresa_id[39m: 1
    [35mrol[39m: "superadmin"
[22:47:18] [32mINFO[39m: [36mrequest completed[39m
    [35mreq[39m: {
      "id": "c632eb9d-398f-44ca-a397-b4bbb45929c7",
      "method": "POST",
      "url": "/api/v1/auth/login",
      "query": {},
      "params": {},
      "headers": {
        "host": "127.0.0.1:63634",
        "accept-encoding": "gzip, deflate",
        "content-type": "application/json",
        "content-length": "67",
        "connection": "close"
      },
      "remoteAddress": "::ffff:127.0.0.1",
      "remotePort": 63635
    }
    [35mtraceId[39m: "c632eb9d-398f-44ca-a397-b4bbb45929c7"
    [35mres[39m: {
      "statusCode": 200,
      "headers": {
        "x-trace-id": "c632eb9d-398f-44ca-a397-b4bbb45929c7",
        "cross-origin-opener-policy": "same-origin",
        "cross-origin-resource-policy": "same-origin",
        "origin-agent-cluster": "?1",
        "referrer-policy": "no-referrer",
        "strict-transport-security": "max-age=31536000; includeSubDomains; preload",
        "x-dns-prefetch-control": "off",
        "x-download-options": "noopen",
        "x-frame-options": "SAMEORIGIN",
        "x-permitted-cross-domain-policies": "none",
        "x-xss-protection": "0",
        "vary": "Origin",
        "access-control-allow-credentials": "true",
        "content-type": "application/json; charset=utf-8",
        "content-length": "476",
        "etag": "W/\"1dc-6W6/QiMbbTbEv4SlSRJ7hPPIxc8\""
      }
    }
    [35mresponseTime[39m: 305
  console.log
    [DEBUG_TENANT] User: {"id":115,"nombre":"Super Administrador","email":"superadmin@tbgestion.local","empresa_id":1,"rol":"superadmin","onboarding_completed":false,"iat":1775958438,"exp":1775987238}

      at log (src/middlewares/tenantContext.js:17:13)

  console.log
    [DEBUG_TENANT] SuperAdmin Bypass triggered

      at log (src/middlewares/tenantContext.js:21:17)

[22:47:18] [32mINFO[39m: [36mIncoming Request[39m
    [35mtraceId[39m: "f145e03d-6031-4be2-845a-e9eee7ab98f0"
    [35mmethod[39m: "POST"
    [35murl[39m: "/api/v1/superadmin/changePlan"
    [35mbody[39m: "REDACTED"
[22:47:18] [32mINFO[39m: [36mrequest completed[39m
    [35mreq[39m: {
      "id": "f145e03d-6031-4be2-845a-e9eee7ab98f0",
      "method": "POST",
      "url": "/api/v1/superadmin/changePlan",
      "query": {},
      "params": {},
      "headers": {
        "host": "127.0.0.1:63636",
        "accept-encoding": "gzip, deflate",
        "authorization": "[Redacted]",
        "content-type": "application/json",
        "content-length": "31",
        "connection": "close"
      },
      "remoteAddress": "::ffff:127.0.0.1",
      "remotePort": 63637
    }
    [35mtraceId[39m: "f145e03d-6031-4be2-845a-e9eee7ab98f0"
    [35muserId[39m: 115
    [35mres[39m: {
      "statusCode": 200,
      "headers": {
        "x-trace-id": "f145e03d-6031-4be2-845a-e9eee7ab98f0",
        "cross-origin-opener-policy": "same-origin",
        "cross-origin-resource-policy": "same-origin",
        "origin-agent-cluster": "?1",
        "referrer-policy": "no-referrer",
        "strict-transport-security": "max-age=31536000; includeSubDomains; preload",
        "x-dns-prefetch-control": "off",
        "x-download-options": "noopen",
        "x-frame-options": "SAMEORIGIN",
        "x-permitted-cross-domain-policies": "none",
        "x-xss-protection": "0",
        "vary": "Origin",
        "access-control-allow-credentials": "true",
        "content-type": "application/json; charset=utf-8",
        "content-length": "86",
        "etag": "W/\"56-aBpkr+jE4+FPqOPjHWgvGy/p+WA\""
      }
    }
    [35mresponseTime[39m: 43
[22:47:18] [32mINFO[39m: [36mIncoming Request[39m
    [35mtraceId[39m: "7d38d0dd-0bd5-407a-b7c1-9a8d9d68a129"
    [35mmethod[39m: "POST"
    [35murl[39m: "/api/v1/auth/login"
    [35mbody[39m: "REDACTED"
[22:47:18] [33mWARN[39m: [36mLogin fallido: usuario no encontrado[39m
    [35memail[39m: "admin@sistema.com"
[22:47:18] [33mWARN[39m: [36mrequest completed[39m
    [35mreq[39m: {
      "id": "7d38d0dd-0bd5-407a-b7c1-9a8d9d68a129",
      "method": "POST",
      "url": "/api/v1/auth/login",
      "query": {},
      "params": {},
      "headers": {
        "host": "127.0.0.1:63638",
        "accept-encoding": "gzip, deflate",
        "content-type": "application/json",
        "content-length": "48",
        "connection": "close"
      },
      "remoteAddress": "::ffff:127.0.0.1",
      "remotePort": 63639
    }
    [35mtraceId[39m: "7d38d0dd-0bd5-407a-b7c1-9a8d9d68a129"
    [35mres[39m: {
      "statusCode": 401,
      "headers": {
        "x-trace-id": "7d38d0dd-0bd5-407a-b7c1-9a8d9d68a129",
        "cross-origin-opener-policy": "same-origin",
        "cross-origin-resource-policy": "same-origin",
        "origin-agent-cluster": "?1",
        "referrer-policy": "no-referrer",
        "strict-transport-security": "max-age=31536000; includeSubDomains; preload",
        "x-dns-prefetch-control": "off",
        "x-download-options": "noopen",
        "x-frame-options": "SAMEORIGIN",
        "x-permitted-cross-domain-policies": "none",
        "x-xss-protection": "0",
        "vary": "Origin",
        "access-control-allow-credentials": "true",
        "content-type": "application/json; charset=utf-8",
        "content-length": "35",
        "etag": "W/\"23-UHCIAFM/swaAglwgDKKCnq2spSQ\""
      }
    }
    [35mresponseTime[39m: 6
[22:47:18] [32mINFO[39m: [36mIncoming Request[39m
    [35mtraceId[39m: "9f6324bc-a955-4957-b7aa-a597f99b81bf"
    [35mmethod[39m: "POST"
    [35murl[39m: "/api/v1/auth/login"
    [35mbody[39m: "REDACTED"
  console.log
    [DEBUG_LOGIN] Membresias found: []

      at Object.log [as login] (src/modules/auth/auth.service.js:74:11)

[22:47:18] [32mINFO[39m: [36mLogin exitoso (empresa ├║nica)[39m
    [35muserId[39m: 115
    [35mempresa_id[39m: 1
    [35mrol[39m: "superadmin"
[22:47:18] [32mINFO[39m: [36mrequest completed[39m
    [35mreq[39m: {
      "id": "9f6324bc-a955-4957-b7aa-a597f99b81bf",
      "method": "POST",
      "url": "/api/v1/auth/login",
      "query": {},
      "params": {},
      "headers": {
        "host": "127.0.0.1:63640",
        "accept-encoding": "gzip, deflate",
        "content-type": "application/json",
        "content-length": "67",
        "connection": "close"
      },
      "remoteAddress": "::ffff:127.0.0.1",
      "remotePort": 63641
    }
    [35mtraceId[39m: "9f6324bc-a955-4957-b7aa-a597f99b81bf"
    [35mres[39m: {
      "statusCode": 200,
      "headers": {
        "x-trace-id": "9f6324bc-a955-4957-b7aa-a597f99b81bf",
        "cross-origin-opener-policy": "same-origin",
        "cross-origin-resource-policy": "same-origin",
        "origin-agent-cluster": "?1",
        "referrer-policy": "no-referrer",
        "strict-transport-security": "max-age=31536000; includeSubDomains; preload",
        "x-dns-prefetch-control": "off",
        "x-download-options": "noopen",
        "x-frame-options": "SAMEORIGIN",
        "x-permitted-cross-domain-policies": "none",
        "x-xss-protection": "0",
        "vary": "Origin",
        "access-control-allow-credentials": "true",
        "content-type": "application/json; charset=utf-8",
        "content-length": "476",
        "etag": "W/\"1dc-6W6/QiMbbTbEv4SlSRJ7hPPIxc8\""
      }
    }
    [35mresponseTime[39m: 280
  console.log
    [DEBUG_TENANT] User: {"id":115,"nombre":"Super Administrador","email":"superadmin@tbgestion.local","empresa_id":1,"rol":"superadmin","onboarding_completed":false,"iat":1775958438,"exp":1775987238}

      at log (src/middlewares/tenantContext.js:17:13)

  console.log
    [DEBUG_TENANT] SuperAdmin Bypass triggered

      at log (src/middlewares/tenantContext.js:21:17)

[22:47:18] [32mINFO[39m: [36mIncoming Request[39m
    [35mtraceId[39m: "a8c843de-8af7-4c7e-a59f-4d7c0f23f353"
    [35mmethod[39m: "GET"
    [35murl[39m: "/api/v1/facturacion/comprobantes"
  console.log
    [RBAC] No se encontr├│ rol superadmin para empresa 1

      at log (src/repositories/auth.repository.js:261:15)

[22:47:18] [33mWARN[39m: [36mIntento de acceso denegado por RBAC[39m
    [35mreq[39m: {
      "id": "a8c843de-8af7-4c7e-a59f-4d7c0f23f353",
      "method": "GET",
      "url": "/api/v1/facturacion/comprobantes",
      "query": {},
      "params": {},
      "headers": {
        "host": "127.0.0.1:63642",
        "accept-encoding": "gzip, deflate",
        "authorization": "[Redacted]",
        "connection": "close"
      },
      "remoteAddress": "::ffff:127.0.0.1",
      "remotePort": 63643
    }
    [35mtraceId[39m: "a8c843de-8af7-4c7e-a59f-4d7c0f23f353"
    [35mrol[39m: "superadmin"
    [35mrecurso[39m: "facturacion"
    [35maccion[39m: "leer"
    [35mip[39m: "::ffff:127.0.0.1"
[22:47:18] [33mWARN[39m: [36mrequest completed[39m
    [35mreq[39m: {
      "id": "a8c843de-8af7-4c7e-a59f-4d7c0f23f353",
      "method": "GET",
      "url": "/api/v1/facturacion/comprobantes",
      "query": {},
      "params": {},
      "headers": {
        "host": "127.0.0.1:63642",
        "accept-encoding": "gzip, deflate",
        "authorization": "[Redacted]",
        "connection": "close"
      },
      "remoteAddress": "::ffff:127.0.0.1",
      "remotePort": 63643
    }
    [35mtraceId[39m: "a8c843de-8af7-4c7e-a59f-4d7c0f23f353"
    [35muserId[39m: 115
    [35mres[39m: {
      "statusCode": 403,
      "headers": {
        "x-trace-id": "a8c843de-8af7-4c7e-a59f-4d7c0f23f353",
        "cross-origin-opener-policy": "same-origin",
        "cross-origin-resource-policy": "same-origin",
        "origin-agent-cluster": "?1",
        "referrer-policy": "no-referrer",
        "strict-transport-security": "max-age=31536000; includeSubDomains; preload",
        "x-dns-prefetch-control": "off",
        "x-download-options": "noopen",
        "x-frame-options": "SAMEORIGIN",
        "x-permitted-cross-domain-policies": "none",
        "x-xss-protection": "0",
        "vary": "Origin",
        "access-control-allow-credentials": "true",
        "content-type": "application/json; charset=utf-8",
        "content-length": "92",
        "etag": "W/\"5c-XEpIsOcCPrXkKfIbepSvHE4REWM\""
      }
    }
    [35mresponseTime[39m: 18
FAIL tests/e2e/superadmin_restore.test.js
  SuperAdmin Panel Restore E2E Tests
    ÔêÜ Superadmin puede logearse y el sistema reconoce su rol global (765 ms)
    ÔêÜ Superadmin puede cambiar el plan de una empresa y regenerar toggles (357 ms)
    ├ù El cambio de plan es visible inmediatamente para administradores de la empresa (13 ms)
    ├ù El middleware tenantContext aplica bypass para superadmin en rutas protegidas (309 ms)

  ÔùÅ SuperAdmin Panel Restore E2E Tests ÔÇ║ El cambio de plan es visible inmediatamente para administradores de la 
empresa

    expect(received).toBe(expected) // Object.is equality

    Expected: 200
    Received: 401

    [0m [90m 45 |[39m             [33m.[39msend({ email[33m:[39m [32m'admin@sistema.com'[39m[33m,[39m 
password[33m:[39m [32m'admin'[39m })[33m;[39m
     [90m 46 |[39m
    [31m[1m>[22m[39m[90m 47 |[39m         expect(res[33m.[39mstatus)[33m.[39mtoBe([35m200[39m)[33m;[39m
     [90m    |[39m                            [31m[1m^[22m[39m
     [90m 48 |[39m         expect(res[33m.[39mbody[33m.[39mfeature_toggles)[33m.[39mtoBeDefined()[33m;[39m
     [90m 49 |[39m     })[33m;[39m
     [90m 50 |[39m[0m

      at Object.toBe (tests/e2e/superadmin_restore.test.js:47:28)

  ÔùÅ SuperAdmin Panel Restore E2E Tests ÔÇ║ El middleware tenantContext aplica bypass para superadmin en rutas 
protegidas

    expect(received).not.toBe(expected) // Object.is equality

    Expected: not 403

    [0m [90m 65 |[39m         [90m// pero 200 es lo esperado si hay facturas o la ruta responde OK.[39m
     [90m 66 |[39m         [90m// Si no hay facturas, devolvemos 200 con array vacio usualmente.[39m
    [31m[1m>[22m[39m[90m 67 |[39m         
expect(res[33m.[39mstatus)[33m.[39mnot[33m.[39mtoBe([35m403[39m)[33m;[39m
     [90m    |[39m                                [31m[1m^[22m[39m
     [90m 68 |[39m     })[33m;[39m
     [90m 69 |[39m })[33m;[39m
     [90m 70 |[39m[0m

      at Object.toBe (tests/e2e/superadmin_restore.test.js:67:32)

Test Suites: 1 failed, 1 total
Tests:       2 failed, 2 passed, 4 total
Snapshots:   0 total
Time:        4.367 s, estimated 5 s
Ran all test suites matching tests/e2e/superadmin_restore.test.js.
Force exiting Jest: Have you considered using `--detectOpenHandles` to detect async operations that kept running after 
all tests finished?
